# Product Requirements Document: Golden Test Spec

**Version:** 1.0.0
**Generated:** 2024-01-01T12:00:00Z
**Template:** balanced-1.0.0

## Executive Summary

Create a deterministic template testing system


### Context
This system validates template consistency across versions




## Goals & Objectives

### Primary Goals

- Address core problem: Create a deterministic template testing system



### Success Metrics

- User satisfaction > 80%
- Performance meets SLA requirements




## Functional Requirements

### Core Features

- Core functionality as defined in problem statement


### API Requirements


- Sequence diagrams define interaction patterns


## Non-Functional Requirements

### Performance

- Response time < 2 seconds for core operations
- 99.9% uptime SLA


### Security & Compliance


## Acceptance Criteria


### Core Functionality
- **Given** a valid user request
- **When** the system processes the request
- **Then** the expected result is returned


## Open Questions


- Implementation approach for complex features
- Integration strategy with existing systems


## Dependencies & Constraints

### Budget Constraints
- **Tokens**: 80000
- **Duration**: 30 minutes
- **Offline**: Required

### Technical Constraints


---

*Generated by Spec-to-Pack Studio*
*Run ID: golden-test-run-001*